0000010f A num_got_entries
bc000000 T _start
bc000400 t reset
bc000684 t CPLL_READY
bc0006e8 t CPLL_DONE
bc000728 t LDO_1P8V
bc000740 t LDO_2P5V
bc000754 t DDRLDO_SOFT_START
bc000774 t LDO_DELAY
bc000798 t SET_RG_BUCK_FPWM
bc0007ac t DDR_PAD_CFG
bc00083c t MT7628_KN_PAD
bc000860 t MT7628_AN_DDR1_PAD
bc0008a4 t MT7628_AN_DDR2_PAD
bc0008d0 t SET_PAD_CFG
bc000948 t DDR_READY
bc000b0c t SDRAM_INIT_DOWN
bc000b14 t tRFCinit
bc000b98 T relocate_code
bc000bfc t in_ram
bc000c5c t romReserved
bc000c60 t romExcHandle
bc000c64 T init_cpu_pll
bc000dbc t CPLL_EXIT
bc000dc0 T SDR_CFG0_TBL
bc000de0 T SDR_CFG1_TBL
bc000e00 T DDR1_CFG0_TBL
bc000e28 T DDR1_CFG1_TBL
bc000e50 t DDR1_CFG2_TBL
bc000e78 t DDR1_CFG3_TBL
bc000ea0 t DDR1_CFG4_TBL
bc000ec8 T DDR2_CFG0_TBL
bc000ee8 T DDR2_CFG1_TBL
bc000f08 t DDR2_CFG2_TBL
bc000f28 t DDR2_CFG3_TBL
bc000f48 t DDR2_CFG4_TBL
bc000f68 T lock_dcache
bc000fd8 T unlock_dcache
bc001018 T fill_icache
bc001050 T sbrk
bc0010a0 T board_init_f
bc001378 T OperationSelect
bc001438 T tftp_config
bc0018f0 T trigger_hw_reset
bc0018f8 T config_usb_ehciohci
bc001930 T disable_pcie
bc001968 T board_init_r
bc002510 T hang
bc002540 T rw_rf_reg
bc00263c T do_rw_rf
bc00277c T dram_cali
bc0037d0 t mips_count_get
bc0037d8 T timer_init
bc0037ec T get_timer
bc003830 T udelay
bc0038c0 T mdelay
bc003910 T NetSetEther
bc003990 T ArpRequest
bc003afc t startAgainTimeout
bc003b18 t startAgainHandler
bc003b20 T NetSetTimeout
bc003b84 T NetSetHandler
bc003b9c T NetStartAgain
bc003c90 T ArpTimeoutCheck
bc003d60 T NetSendPacket
bc003d78 T NetCksum
bc003dc0 T NetSetIP
bc003f34 T NetSendUDPPacket
bc004100 T NetCksumOk
bc004140 T NetReceive
bc00473c T NetEthHdrSize
bc004744 T copy_filename
bc0047b8 T ip_to_string
bc004838 T string_to_ip
bc0048fc T getenv_IPaddr
bc004938 T NetLoop
bc004de4 T print_IPaddr
bc004e30 T TftpSend
bc005050 t TftpHandler
bc005434 t TftpTimeout
bc005510 T TftpStart
bc0057c0 T eth_parse_enetaddr
bc005860 T eth_register
bc0058cc T eth_initialize
bc005b20 T eth_try_another
bc005b58 T eth_init
bc005c08 T eth_halt
bc005c60 T eth_send
bc005c98 T eth_rx
bc005cd0 T START_ETH
bc005d30 T STOP_ETH
bc005d98 T rt2880_free_buf_entry_dequeue
bc005dcc t rt2880_free_buf_entry_enqueue
bc005e4c T rt2880_eth_initialize
bc00609c T LANWANPartition
bc0060a4 T isDMABusy
bc006114 t rt2880_eth_init
bc006430 T enableEthForward
bc006464 T disableEthForward
bc006494 T mt7628_ephy_init
bc006750 T rt305x_esw_init
bc006890 t rt2880_eth_send
bc006a90 t rt2880_eth_recv
bc006c7c T rt2880_eth_halt
bc006c94 t delete_char
bc006dec T readline
bc0070d0 T input_value
bc007160 T enable_mdio
bc007168 T mii_mgr_read
bc0072b4 T mii_mgr_write
bc0073fc T dump_phy_reg
bc0075b0 T rt2880_mdio_access
bc007a60 t bbu_spic_busy_wait
bc007af4 T spic_init
bc007afc t bbu_mb_spic_trans
bc007e40 t bbu_spic_trans
bc008180 t raspi_read_rg
bc0081d0 t raspi_read_sr
bc0081f0 t raspi_write_rg
bc008244 t raspi_write_sr
bc008264 t raspi_read_devid
bc008300 t raspi_wait_ready
bc008404 t raspi_4byte_mode
bc00868c T chip_prob
bc0087cc T raspi_init
bc008814 T raspi_erase
bc008a24 T raspi_read
bc008ba8 T raspi_write
bc008ee4 T raspi_erase_write
bc0092d4 T do_mem_cp
bc0094e8 T do_flerase
bc0098fc T ralink_spi_command
bc009f10 T run_command
bc00a414 T main_loop
bc00a520 T do_go
bc00a600 T fake_image_header
bc00a748 T do_bootm
bc00a998 T print_image_hdr
bc00ad50 T do_coninfo
bc00ae90 T send_pad
bc00aee8 T ktrans
bc00af24 T chk1
bc00af5c T s1_sendpacket
bc00afbc T send_ack
bc00b048 T send_nack
bc00b0d4 t bin_data_init
bc00b104 t bin_data_char
bc00b150 T k_data_init
bc00b170 T k_data_save
bc00b1c0 T k_data_restore
bc00b210 T k_data_char
bc00b2b4 T handle_send_packet
bc00b514 T do_load_serial_bin
bc00bb70 t netboot_common
bc00bf8c T do_rarpb
bc00bfac T do_tftpb
bc00bfcc T do_bootp
bc00bff0 T cmd_get_data_size
bc00c0a8 T do_mem_md
bc00c378 T do_mem_base
bc00c3e4 T do_mem_loop
bc00c56c T do_mem_mtest
bc00c730 t mod_mem
bc00c93c T do_mem_nm
bc00c984 T do_mem_mm
bc00c9cc T do_mem_crc
bc00cb00 t envmatch
bc00cba4 T do_printenv
bc00ce14 T _do_setenv
bc00d504 T setenv
bc00d558 T do_setenv
bc00d5cc T getenv
bc00d6a4 T do_saveenv
bc00d700 T do_version
bc00d740 T find_cmd
bc00d860 T do_help
bc00daf0 t console_setfile
bc00dbd8 T serial_printf
bc00dc30 T fgetc
bc00dc68 T ftstc
bc00dca0 T fputc
bc00dce4 T fputs
bc00dd24 T fprintf
bc00dd84 T getc
bc00ddc4 T tstc
bc00de04 T putc
bc00de4c T puts
bc00de8c T printf
bc00dee4 T vprintf
bc00df30 T ctrlc
bc00dfb4 T disable_ctrlc
bc00dfd0 T had_ctrlc
bc00dfe8 T clear_ctrlc
bc00e000 T dbg
bc00e010 T console_assign
bc00e12c T console_init_f
bc00e13c T console_init_r
bc00e2b0 T device_register
bc00e2f4 T devices_init
bc00e3f0 T devices_done
bc00e430 T malloc_bin_reloc
bc00e470 t do_check_chunk
bc00e478 t do_check_free_chunk
bc00e480 t do_check_inuse_chunk
bc00e488 t do_check_malloced_chunk
bc00e490 T malloc_trim
bc00e5b8 T free
bc00e82c T malloc
bc00ef78 T realloc
bc00f4ec T memalign
bc00f684 T valloc
bc00f6a0 T pvalloc
bc00f6c4 T calloc
bc00f7d8 T cfree
bc00f7f0 T malloc_usable_size
bc00f848 T mallopt
bc00f8e0 T env_crc_update
bc00f930 t env_get_char_init
bc00f97c T env_get_char_memory
bc00f9b0 T env_get_addr
bc00f9e0 T env_relocate
bc00fad0 t dummy
bc00fad8 T get_version
bc00fae0 T jumptable_init
bc00fb80 T NewHandle
bc00fc2c T DisposeHandle
bc00fc88 T GetHandleSize
bc00fc90 T SetHandleSize
bc00fd58 T ListCreate
bc00fdc8 T ListDispose
bc00fde0 T ListInsertItems
bc01002c T ListInsertItem
bc010044 T ListGetPtrToItem
bc010084 T ListNumItems
bc010090 T env_get_char_spec
bc0100a0 T env_init
bc0100c4 T spi_env_init
bc0100f4 T saveenv
bc0100fc T env_relocate_spec
bc010110 T env_size
bc010114 T environment
bc011120 T crc32
bc011340 T display_options
bc011380 T print_size
bc011490 T strchr
bc0114cc T strlen
bc0114f0 T strrchr
bc011568 T strnlen
bc0115a4 T memset
bc0115d0 T memcpy
bc011600 T memmove
bc01167c T memcmp
bc0116b0 T simple_strtoul
bc0117a4 T simple_strtol
bc0117f4 t skip_atoi
bc011854 t number
bc011ac8 T vsprintf
bc012024 T sprintf
bc012060 T RangeDecoderReadByte
bc012094 T RangeDecoderInit
bc01211c T RangeDecoderDecodeDirectBits
bc0121d8 T RangeDecoderBitDecode
bc0122ec T RangeDecoderBitTreeDecode
bc012380 T RangeDecoderReverseBitTreeDecode
bc012424 T LzmaLiteralDecode
bc012494 T LzmaLiteralDecodeMatch
bc01256c T LzmaLenDecode
bc012658 T LzmaDecode
bc012acc T lzmaBuffToBuffDecompress
bc012ce0 T get_ram_size
bc012e14 T initdram
bc012e50 T checkboard
bc012e8c T setGpioData
bc012fa4 T initTpProduct
bc013204 T getGpioData
bc013240 T serial_setbrg
bc0132a4 T serial_init
bc0132dc T serial_putc
bc013330 T serial_tstc
bc013344 T serial_getc
bc013368 T serial_puts
bc0133c0 T do_reset
bc0133d8 T flush_cache
bc0133e0 T write_one_tlb
bc013420 t linux_env_set
bc013548 T do_bootm_linux
bc013d30 R version_string
bc013db0 r __func__.2
bc013dc4 r __func__.8
bc013dd8 r __func__.1
bc013e04 r __func__.4
bc013e14 r __func__.3
bc013e24 r __func__.0
bc013e38 r __func__.9
bc013e4c r __func__.10
bc013e60 r __func__.6
bc013e70 r __func__.11
bc013e7c r __func__.7
bc013e88 r __func__.5
bc013f60 r baudrate_table
bc013f80 r p.0
bc016fe0 D NetBcastAddr
bc016ff0 D fileNotFoundCounter
bc017000 d tab_seq
bc01700c d erase_seq
bc017010 D stm_opcodes
bc017050 D load_addr
bc017060 D dp_last_length
bc017070 d mmap_threshold
bc017074 d trim_threshold
bc017078 d sbrk_base
bc017080 D default_environment
bc017100 d crc_table_empty
bc017110 D _ctype
bc017210 d chips_data
bc0175a0 D stdio_names
bc0175ac d av_
bc0179b4 D env_get_char
bc0179b8 D env_name_spec
bc0179bc D env_ptr
bc0179c0 A _gp
bc0179c0 D _GLOBAL_OFFSET_TABLE_
bc0179c0 D __got_start
bc017dfc A __u_boot_cmd_start
bc017dfc D __got_end
bc017dfc D __u_boot_cmd_rf
bc017e14 D __u_boot_cmd_spi
bc017e2c D __u_boot_cmd_erase
bc017e44 D __u_boot_cmd_cp
bc017e5c D __u_boot_cmd_go
bc017e74 D __u_boot_cmd_reset
bc017e8c D __u_boot_cmd_bootm
bc017ea4 D __u_boot_cmd_coninfo
bc017ebc D __u_boot_cmd_loadb
bc017ed4 D __u_boot_cmd_rarpboot
bc017eec D __u_boot_cmd_tftpboot
bc017f04 D __u_boot_cmd_bootp
bc017f1c D __u_boot_cmd_mtest
bc017f34 D __u_boot_cmd_loop
bc017f4c D __u_boot_cmd_base
bc017f64 D __u_boot_cmd_crc32
bc017f7c D __u_boot_cmd_nm
bc017f94 D __u_boot_cmd_mm
bc017fac D __u_boot_cmd_md
bc017fc4 D __u_boot_cmd_saveenv
bc017fdc D __u_boot_cmd_setenv
bc017ff4 D __u_boot_cmd_printenv
bc01800c D __u_boot_cmd_question_mark
bc018024 D __u_boot_cmd_help
bc01803c D __u_boot_cmd_version
bc018054 A __u_boot_cmd_end
bc018054 A uboot_end_data
bc018060 B modifies
bc018064 b auto_load
bc018068 b mem_malloc_start
bc01806c b mem_malloc_end
bc018070 b mem_malloc_brk
bc018074 b file_name_space
bc018100 B NetTxPacket
bc018104 B NetEtherNullAddr
bc01810c B NetServerEther
bc018112 B NetBootFileSize
bc018114 B NetOurRootPath
bc018154 B NetOurHostName
bc018174 B NetOurNISDomain
bc018194 B NetOurDNSIP
bc018198 B NetOurGatewayIP
bc01819c B NetOurSubnetMask
bc0181a0 b packetHandler
bc0181a4 b timeHandler
bc0181a8 b timeStart
bc0181ac b timeDelta
bc0181b0 b TftpServerPort
bc0181b4 b TftpOurPort
bc0181b8 b TftpTimeoutCount
bc0181bc b TftpBlock
bc0181c0 b TftpLastBlock
bc0181c4 b TftpBlockWrap
bc0181c8 b TftpBlockWrapOffset
bc0181cc b TftpState
bc0181d0 b default_filename
bc0181e0 b tftp_filename
bc0181f0 b first_failed.0
bc0181f4 b eth_devices
bc0181f8 b eth_current
bc018200 b rt2880_free_buf
bc0184e0 b tx_ring0_cache
bc018660 b rx_ring_cache
bc0187e0 b rx_dma_owner_idx0
bc0187e4 b rx_wants_alloc_idx0
bc0187e8 b tx_cpu_owner_idx0
bc0187ec b rx_ring
bc0187f0 b tx_ring0
bc0187f4 b rxRingSize
bc0187f5 b txRingSize
bc0187f8 b rt2880_eth_initd
bc0187fc b PKT_HEADER_Buf_Pool
bc02f040 B spi_chip_info
bc02f050 b lastcommand.0
bc02f150 b a_b
bc02f168 b os_data_state
bc02f16c b os_data_state_saved
bc02f170 b os_data_count_saved
bc02f174 b os_data_addr
bc02f178 b os_data_addr_saved
bc02f17c b bin_start_address
bc02f180 b k_data_escape
bc02f184 b k_data_escape_saved
bc02f190 b base_address
bc02f1a0 b ctrlc_was_pressed
bc02f1a4 b ctrlc_disabled
bc02f1b0 B stdio_devices
bc02f1bc B devlist
bc02f1c0 b n_mmaps_max
bc02f1c4 b top_pad
bc02f1c8 b current_mallinfo
bc02f1f0 b max_total_mem
bc02f1f4 b mmapped_mem
bc02f1f8 b max_sbrked_mem
bc02f200 b crc_table
bc02f600 b linux_argc
bc02f604 b linux_argv
bc02f608 b linux_env
bc02f60c b linux_env_p
bc02f610 b linux_env_idx
bc02f620 B gd_data
bc02f644 B load_addr_str
bc02f650 B Pkt_Buf_Pool
bc046a90 B NetRxPackets
bc046b80 B BootFile
bc046c00 B NetArpWaitPacketBuf
bc047240 B console_buffer
bc047340 B console_history
bc047d40 B header
bc047d80 B os_data_header
bc047da0 B send_parms
bc047db4 A uboot_end
bc047db4 C monitor_flash_len
bc047db8 C mips_bus_feq
bc047dbc C mips_cpu_feq
bc047dc0 C NetArpWaitTry
bc047dc4 C NetArpWaitPacketMAC
bc047dc8 C NetOurEther
bc047dd0 C NetOurIP
bc047dd4 C NetServerIP
bc047dd8 C NetArpWaitTxPacketSize
bc047ddc C NetArpWaitReplyIP
bc047de0 C NetArpWaitTxPacket
bc047de4 C NetArpWaitPacketIP
bc047de8 C NetState
bc047dec C NetIPID
bc047df0 C NetRxPkt
bc047df4 C NetRxPktLen
bc047df8 C NetBootFileXferSize
bc047dfc C PktBuf
bc047e00 C NetArpWaitTimerStart
bc047e04 C TftpStarted
bc047e08 C rt2880_free_buf_list
bc047e10 C PKT_HEADER_Buf
bc047e14 C rt2880_pdev
bc047e18 C rt2880_busing_buf_list
bc047e20 C his_pad_char
bc047e24 C os_data_count
bc047e28 C os_data_init
bc047e2c C send_ptr
bc047e30 C os_data_char
bc047e34 C his_eol
bc047e35 C his_quote
bc047e38 C his_pad_count
bc047e3c C dp_last_size
bc047e40 C dp_last_addr
bc047e44 C mm_last_size
bc047e48 C mm_last_addr
bc047e4c C ___strtok
